============================================================
  Generated by:           Encounter(R) RTL Compiler v12.10-s012_1
  Generated on:           Aug 26 2026  10:14:59 am
  Module:                 Single_Cycle_Top
  Technology libraries:   gpdk045bc 
                          MEM1_256X32 1.1
                          physical_cells 
  Operating conditions:   slow 
  Interconnect mode:      global
  Area mode:              physical library
============================================================

                                     Leakage       Dynamic       Total     
          Instance          Cells   Power(nW)     Power(nW)    Power(nW)   
---------------------------------------------------------------------------
Single_Cycle_Top             4705 200000678.589 26533439.045 226534117.634 
  core_top_D..sultReg_51_11   241        21.320   375857.619    375878.940 
  core_top_D..nst_sra_65_32   260        21.179   239026.473    239047.652 
  core_top_D..nst_srl_66_32   186        16.203   172240.320    172256.523 
  core_top_D..nst_sll_64_32   184        14.407   160637.233    160651.640 
  core_top_D.._74_29_groupi   128        11.428   112770.118    112781.546 
  core_top_D..nst_add_28_24    66         9.776    42389.525     42399.301 
  core_top_D..inst_lt_47_20    98         7.368    53509.582     53516.950 
  core_top_D..nst_add_28_24    30         4.579    15515.998     15520.577 

