============================================================
  Generated by:           Encounter(R) RTL Compiler v12.10-s012_1
  Generated on:           Aug 26 2026  10:14:59 am
  Module:                 Single_Cycle_Top
  Technology libraries:   gpdk045bc 
                          MEM1_256X32 1.1
                          physical_cells 
  Operating conditions:   slow 
  Interconnect mode:      global
  Area mode:              physical library
============================================================

                          Instance                            Cells  Cell Area  Net Area  Total Area 
-----------------------------------------------------------------------------------------------------
Single_Cycle_Top                                               4705     114267      5930      120198 
  core_top_Datapath_ALU_inst_sra_65_32                          260        528       259         787 
  core_top_Datapath_ALU_inst_final_adder_mux_ResultReg_51_11    241        427       203         630 
  core_top_Datapath_ALU_inst_srl_66_32                          186        407       175         582 
  core_top_Datapath_ALU_inst_sll_64_32                          184        390       175         565 
  core_top_Datapath_ALU_inst_csa_tree_eq_74_29_groupi           128        297        97         394 
  core_top_Datapath_PCTarget_inst_add_28_24                      66        280        45         324 
  core_top_Datapath_ALU_inst_lt_47_20                            98        159        72         231 
  core_top_Datapath_PCPlus4_inst_add_28_24                       30        137        18         155 
