============================================================
  Generated by:           Encounter(R) RTL Compiler v12.10-s012_1
  Generated on:           Aug 26 2026  10:14:59 am
  Module:                 Single_Cycle_Top
  Technology libraries:   gpdk045bc 
                          MEM1_256X32 1.1
                          physical_cells 
  Operating conditions:   slow 
  Interconnect mode:      global
  Area mode:              physical library
============================================================

               Pin                         Type       Fanout Load Slew Delay Arrival   
                                                             (fF) (ps)  (ps)   (ps)    
---------------------------------------------------------------------------------------
(clock CLK)                              launch                                    0 R 
                                         latency                        +300     300 R 
Instr_Memory_u_imem/CK                                             100           300 R 
Instr_Memory_u_imem/Q[24]           (P)  MEM1_256X32       5 28.3  182 +1515    1815 R 
g28827/A                                                                  +0    1815   
g28827/Y                                 NOR2X6            2 13.5   80   +98    1913 F 
g28790/B                                                                  +0    1913   
g28790/Y                                 CLKAND2X12        4 27.4   61  +112    2025 F 
g28736/B                                                                  +0    2025   
g28736/Y                                 NAND2X6           4 24.9   83   +62    2087 R 
g28735/A                                                                  +0    2087   
g28735/Y                                 INVX12           15 42.9   75   +69    2156 F 
g28562/B                                                                  +0    2156   
g28562/Y                                 NAND2X1           1  5.5  112   +76    2232 R 
g27963/B0                                                                 +0    2232   
g27963/Y                                 OAI2BB1X2         1  5.5  124  +111    2343 F 
g27321/A                                                                  +0    2343   
g27321/Y                                 NOR2X2            1  5.3  107  +102    2446 R 
g27046/B                                                                  +0    2446   
g27046/Y                                 NAND2X2           1  7.0  144  +113    2559 F 
g26874/A                                                                  +0    2559   
g26874/Y                                 NOR2X4            1  9.8  104  +105    2664 R 
g29949/A                                                                  +0    2665   
g29949/Y                                 NAND2X8           3 59.4  273  +186    2850 F 
g26768/B                                                                  +0    2850   
g26768/Y                                 CLKMX2X3          8 24.3  164  +272    3122 F 
core_top_Datapath_ALU_inst_srl_66_32/SH[6] 
  g8935/B                                                                 +0    3122   
  g8935/Y                                OR3X1             1  4.6  114  +244    3366 F 
  g8931/C                                                                 +0    3366   
  g8931/Y                                NOR3X1            1  5.3  290  +182    3548 R 
  g8897/B                                                                 +0    3548   
  g8897/Y                                NAND2X2           3  9.4  204  +195    3743 F 
  g8894/B                                                                 +0    3743   
  g8894/Y                                OR2X2             4 13.4  140  +230    3974 F 
  g8864/A                                                                 +0    3974   
  g8864/Y                                NOR2X2            4 14.3  244  +174    4147 R 
  g8863/A                                                                 +0    4148   
  g8863/Y                                INVX3            11 30.0  203  +179    4326 F 
  g8858/B                                                                 +0    4326   
  g8858/Y                                NOR2X1            2  7.5  259  +193    4519 R 
  g8809/A1                                                                +0    4520   
  g8809/Y                                AOI222X1          1  4.4  260  +235    4755 F 
  g8803/B0                                                                +0    4755   
  g8803/Y                                OAI21XL           1  4.7  301  +166    4921 R 
core_top_Datapath_ALU_inst_srl_66_32/Z[0] 
g13379/C1                                                                 +0    4921   
g13379/Y                                 AOI222X1          1  4.7  273  +206    5127 F 
g13305/C                                                                  +0    5127   
g13305/Y                                 NAND4X1           1  4.4  154  +149    5276 R 
g13300/B0                                                                 +0    5276   
g13300/Y                                 AO21X1            3 10.9  182  +190    5467 R 
core_top_Datapath_ALU_inst_final_adder_mux_ResultReg_51_11/A[0] 
  g1203/B                                                                 +0    5467   
  g1203/Y                                NAND2X1           2  7.5  286  +204    5670 F 
  g1056/A1                                                                +0    5670   
  g1056/Y                                OA21X1            3  9.4  178  +272    5943 F 
  g3/A1                                                                   +0    5943   
  g3/Y                                   OA21X1            1  4.6  101  +197    6140 F 
  g2/A0                                                                   +0    6140   
  g2/Y                                   OAI21X1           4 12.9  418  +260    6400 R 
  g1021/A2                                                                +0    6400   
  g1021/Y                                AOI31X2           6 17.5  502  +402    6802 F 
  g1018/C                                                                 +0    6802   
  g1018/Y                                NOR3X1            1  4.7  293  +289    7091 R 
  g1012/C                                                                 +0    7091   
  g1012/Y                                OR3X4            11 32.4  140  +234    7325 R 
  g1011/A                                                                 +0    7325   
  g1011/Y                                INVX2             6 17.4  162  +131    7456 F 
  g1003/C                                                                 +0    7456   
  g1003/Y                                OR3X1             1  4.7  115  +227    7683 F 
  g988/C0                                                                 +0    7683   
  g988/Y                                 OAI211X1          1  5.3  231   +93    7776 R 
  g963/B                                                                  +0    7776   
  g963/Y                                 XNOR2X4           2 56.3  275  +373    8149 F 
core_top_Datapath_ALU_inst_final_adder_mux_ResultReg_51_11/Z[25] 
DataAddr[25]                             out port                         +1    8150 F 
(Single_Cycle_Top_inp_line_59_38_1)      ext delay                     +2000   10150 F 
- - - - - - - - - - - - - - - - - - - - - - - - - - - - - - - - - - - - - - - - - - - -
(clock CLK)                              capture                               10000 R 
                                         latency                        +300   10300 R 
                                         uncertainty                    -150   10150 R 
---------------------------------------------------------------------------------------
Cost Group   : 'CLK' (path_group 'CLK')
Timing slack :       0ps 
Start-point  : Instr_Memory_u_imem/CK
End-point    : DataAddr[25]

(P) : Instance is preserved
