============================================================
  Generated by:           Encounter(R) RTL Compiler v12.10-s012_1
  Generated on:           Aug 26 2026  10:15:00 am
  Module:                 Single_Cycle_Top
  Technology libraries:   gpdk045bc 
                          MEM1_256X32 1.1
                          physical_cells 
  Operating conditions:   slow 
  Interconnect mode:      global
  Area mode:              physical library
============================================================

                                   
    Gate     Instances     Area        Library    
--------------------------------------------------
ADDFHX1              4      30.096    gpdk045bc   
ADDFX1              16     109.440    gpdk045bc   
ADDHX2               1       5.130    gpdk045bc   
ADDHXL              92     440.496    gpdk045bc   
AND2X1              88     150.480    gpdk045bc   
AND2X2               1       2.052    gpdk045bc   
AND2X6               7      26.334    gpdk045bc   
AND2X8               3      13.338    gpdk045bc   
AND3X1               1       2.394    gpdk045bc   
AND3X2               1       2.736    gpdk045bc   
AND3X6               2       8.892    gpdk045bc   
AND3XL               4       8.208    gpdk045bc   
AND4XL               4       9.576    gpdk045bc   
AO21X1              70     167.580    gpdk045bc   
AO21X4              14      47.880    gpdk045bc   
AO22X1              52     160.056    gpdk045bc   
AO22X2              34     104.652    gpdk045bc   
AO22X4              16      60.192    gpdk045bc   
AO22XL             250     684.000    gpdk045bc   
AOI211X1             4       9.576    gpdk045bc   
AOI211X2             1       3.420    gpdk045bc   
AOI211XL             2       4.104    gpdk045bc   
AOI21X1              6      12.312    gpdk045bc   
AOI21X2              4      10.944    gpdk045bc   
AOI21XL             30      51.300    gpdk045bc   
AOI221X1           119     366.282    gpdk045bc   
AOI221X2           101     449.046    gpdk045bc   
AOI221X4             2      15.732    gpdk045bc   
AOI222X1            75     230.850    gpdk045bc   
AOI222X2            10      54.720    gpdk045bc   
AOI22X1            425    1017.450    gpdk045bc   
AOI22X2              4      15.048    gpdk045bc   
AOI2BB1X1            8      16.416    gpdk045bc   
AOI2BB1X2            9      27.702    gpdk045bc   
AOI31X1              9      18.468    gpdk045bc   
AOI31X2              1       3.420    gpdk045bc   
AOI32X1              3       9.234    gpdk045bc   
BUFX12               4      20.520    gpdk045bc   
BUFX2               34      58.140    gpdk045bc   
BUFX3               18      36.936    gpdk045bc   
BUFX4                3       7.182    gpdk045bc   
BUFX6               18      55.404    gpdk045bc   
BUFX8                1       3.762    gpdk045bc   
CLKAND2X12           7      52.668    gpdk045bc   
CLKAND2X2           48      98.496    gpdk045bc   
CLKAND2X3            4      12.312    gpdk045bc   
CLKAND2X6            1       4.788    gpdk045bc   
CLKINVX12            1       4.104    gpdk045bc   
CLKINVX2             3       4.104    gpdk045bc   
CLKINVX3             3       5.130    gpdk045bc   
CLKINVX8             1       3.078    gpdk045bc   
CLKMX2X2            13      40.014    gpdk045bc   
CLKMX2X3            15      61.560    gpdk045bc   
CLKMX2X4             1       4.104    gpdk045bc   
CLKMX2X6             1       4.446    gpdk045bc   
CLKXOR2X1           20      61.560    gpdk045bc   
CLKXOR2X2           12      41.040    gpdk045bc   
INVX1              314     217.461    gpdk045bc   
INVX12              30     115.425    gpdk045bc   
INVX16               6      31.498    gpdk045bc   
INVX2               83      86.577    gpdk045bc   
INVX3               11      15.330    gpdk045bc   
INVX4               11      19.186    gpdk045bc   
INVX6               19      39.800    gpdk045bc   
INVX8               48     134.201    gpdk045bc   
MEM1_256X32          2   97531.615    MEM1_256X32 
MX2XL               36      98.496    gpdk045bc   
MX3XL                1       4.788    gpdk045bc   
MXI2X1              50     136.800    gpdk045bc   
MXI2X8               1       6.156    gpdk045bc   
MXI2XL             142     339.948    gpdk045bc   
NAND2BX1            77     107.311    gpdk045bc   
NAND2BX2             3       6.464    gpdk045bc   
NAND2BX4             1       3.497    gpdk045bc   
NAND2X1            160     166.896    gpdk045bc   
NAND2X2             29      50.582    gpdk045bc   
NAND2X4             24      82.080    gpdk045bc   
NAND2X6             22     105.336    gpdk045bc   
NAND2X8              7      38.304    gpdk045bc   
NAND3BX1             4       8.208    gpdk045bc   
NAND3BX2             1       3.078    gpdk045bc   
NAND3BX4             1       5.130    gpdk045bc   
NAND3BXL            19      33.790    gpdk045bc   
NAND3X1             16      27.360    gpdk045bc   
NAND3X2             25      68.400    gpdk045bc   
NAND3X4              4      19.152    gpdk045bc   
NAND4BBX2           15      82.080    gpdk045bc   
NAND4BBX4            1       7.866    gpdk045bc   
NAND4BX1             3       7.182    gpdk045bc   
NAND4BX2             1       4.446    gpdk045bc   
NAND4X1             56     114.912    gpdk045bc   
NAND4X2             29     109.098    gpdk045bc   
NAND4X4              4      27.360    gpdk045bc   
NOR2BX1             30      51.300    gpdk045bc   
NOR2BX2              1       2.736    gpdk045bc   
NOR2BX4              2       7.524    gpdk045bc   
NOR2X1              32      43.776    gpdk045bc   
NOR2X2              64     131.328    gpdk045bc   
NOR2X4              18      61.560    gpdk045bc   
NOR2X6               6      26.676    gpdk045bc   
NOR2XL              98     100.548    gpdk045bc   
NOR3BX1              6      12.312    gpdk045bc   
NOR3BX2              2       6.840    gpdk045bc   
NOR3X1              17      29.070    gpdk045bc   
NOR3X2               5      13.680    gpdk045bc   
NOR4BX4              1       7.524    gpdk045bc   
NOR4X1               1       2.394    gpdk045bc   
NOR4X2               6      20.520    gpdk045bc   
NOR4XL               6      12.312    gpdk045bc   
OA21X1               4       9.576    gpdk045bc   
OA22X1               3       9.234    gpdk045bc   
OAI211X1            33      67.716    gpdk045bc   
OAI21X1             10      20.520    gpdk045bc   
OAI21X2              1       3.078    gpdk045bc   
OAI21XL             51      87.210    gpdk045bc   
OAI221X1            34      93.024    gpdk045bc   
OAI222X1            17      52.326    gpdk045bc   
OAI22X1             21      50.274    gpdk045bc   
OAI22XL             50     102.600    gpdk045bc   
OAI2BB1X1           34      69.768    gpdk045bc   
OAI2BB1X2            6      18.468    gpdk045bc   
OAI2BB1X4            1       4.446    gpdk045bc   
OAI31X1              3       6.156    gpdk045bc   
OAI32X1              4      10.944    gpdk045bc   
OR2X1               13      22.230    gpdk045bc   
OR2X2                5      10.260    gpdk045bc   
OR2X4                8      24.624    gpdk045bc   
OR2X6               33     135.432    gpdk045bc   
OR2X8                4      19.152    gpdk045bc   
OR2XL                2       3.420    gpdk045bc   
OR3X1               15      30.780    gpdk045bc   
OR3X4               29      89.262    gpdk045bc   
OR3X6                7      33.516    gpdk045bc   
OR4X1                4       9.576    gpdk045bc   
OR4X4                3      11.286    gpdk045bc   
SDFFQX1            992    7463.808    gpdk045bc   
SDFFRHQX1           31     296.856    gpdk045bc   
SDFFRXL              1      10.260    gpdk045bc   
XNOR2X1             34     104.652    gpdk045bc   
XNOR2X4             17      69.768    gpdk045bc   
XOR2X4               3      12.312    gpdk045bc   
--------------------------------------------------
total             4705  114267.351                


  Library   Instances    Area   Instances % 
--------------------------------------------
MEM1_256X32         2 97531.615         0.0 
gpdk045bc        4703 16735.736       100.0 

                                         
    Type     Instances    Area    Area % 
-----------------------------------------
timing_model         2  97531.615   85.4 
sequential        1024   7770.924    6.8 
inverter           530    675.895    0.6 
buffer              78    181.944    0.2 
logic             3071   8106.973    7.1 
-----------------------------------------
total             4705 114267.351  100.0 

